// Vitest Snapshot v1, https://vitest.dev/guide/snapshot.html

exports[`getMetadataProperty > should get metadata property 1`] = `"providers: []"`;
