// Vitest Snapshot v1, https://vitest.dev/guide/snapshot.html

exports[`pushToMetadataProperty > should add providers to component 1`] = `
"
@Component({
    providers: [AppService]
}) class AppComponent {}
"
`;
