// Vitest Snapshot v1, https://vitest.dev/guide/snapshot.html

exports[`removeMetadataProperty > should remove the providers property 1`] = `
"
@Component({}) class AppComponent {}
"
`;
