// Vitest Snapshot v1, https://vitest.dev/guide/snapshot.html

exports[`removeItemFromMetadataProperty > should remove providers from component 1`] = `
"
@Component({providers: []}) class AppComponent {}
"
`;
