// Vitest Snapshot v1, https://vitest.dev/guide/snapshot.html

exports[`addProviders > should add providers to the app module 1`] = `
"
@Component({
    providers: [AppService]
}) class AppComponent {}
"
`;
