// Vitest Snapshot v1, https://vitest.dev/guide/snapshot.html

exports[`removeProviders > should add providers to the app module 1`] = `
"
@Component({
  providers: [],
}) class AppComponent {}
"
`;
